// Jest Snapshot v1, https://goo.gl/fbAQLP

exports[`NavBar Test Snapshot Test 1`] = `
<nav
  aria-label="main navigation"
  class="navbar is-dark is-fixed-top"
  role="navigation"
>
  <div
    class="navbar-brand"
  >
    <a
      aria-expanded="false"
      aria-label="menu"
      class="navbar-burger burger"
      data-target="navbarBasicExample"
      id="burger"
      role="button"
    >
      <span
        aria-hidden="true"
      />
       
      <span
        aria-hidden="true"
      />
       
      <span
        aria-hidden="true"
      />
    </a>
  </div>
</nav>
`;
